
Circuit 1 cell ppolyf_u and Circuit 2 cell ppolyf_u are black boxes.
Warning: Equate pins:  cell ppolyf_u is a placeholder, treated as a black box.
Warning: Equate pins:  cell ppolyf_u is a placeholder, treated as a black box.

Subcircuit pins:
Circuit 1: ppolyf_u                        |Circuit 2: ppolyf_u                        
-------------------------------------------|-------------------------------------------
1                                          |1                                          
2                                          |2                                          
3                                          |3                                          
---------------------------------------------------------------------------------------
Cell pin lists are equivalent.
Device classes ppolyf_u and ppolyf_u are equivalent.
Flattening unmatched subcell ppolyf_u_9H3LNU in circuit io_secondary_5p0 (0)(1 instance)
Flattening unmatched subcell diode_nd2ps_06v0_MV3SZ3 in circuit io_secondary_5p0 (0)(1 instance)
Flattening unmatched subcell diode_pd2nw_06v0_5DG9HC in circuit io_secondary_5p0 (0)(1 instance)

Class io_secondary_5p0 (0):  Merged 6 parallel devices.
Subcircuit summary:
Circuit 1: io_secondary_5p0                |Circuit 2: io_secondary_5p0                
-------------------------------------------|-------------------------------------------
ppolyf_u (1)                               |ppolyf_u (1)                               
diode_nd2ps_06v0 (4->1)                    |diode_nd2ps_06v0 (4->1)                    
diode_pd2nw_06v0 (4->1)                    |diode_pd2nw_06v0 (4->1)                    
Number of devices: 3                       |Number of devices: 3                       
Number of nets: 4                          |Number of nets: 4                          
---------------------------------------------------------------------------------------
Netlists match uniquely.

Subcircuit pins:
Circuit 1: io_secondary_5p0                |Circuit 2: io_secondary_5p0                
-------------------------------------------|-------------------------------------------
VDD                                        |VDD                                        
to_gate                                    |to_gate                                    
ASIG5V                                     |ASIG5V                                     
VSS                                        |VSS                                        
---------------------------------------------------------------------------------------
Cell pin lists are equivalent.
Device classes io_secondary_5p0 and io_secondary_5p0 are equivalent.

Subcircuit summary:
Circuit 1: ESD_array_layout                |Circuit 2: ESD_array_schematic             
-------------------------------------------|-------------------------------------------
io_secondary_5p0 (5)                       |io_secondary_5p0 (5)                       
Number of devices: 5                       |Number of devices: 5                       
Number of nets: 12                         |Number of nets: 12                         
---------------------------------------------------------------------------------------
Resolving symmetries by property value.
Resolving symmetries by pin name.
Netlists match with 3 symmetries.

Subcircuit pins:
Circuit 1: ESD_array_layout                |Circuit 2: ESD_array_schematic             
-------------------------------------------|-------------------------------------------
VDD                                        |VDD                                        
VSS                                        |VSS                                        
(no matching pin)                          |V_LO                                       
(no matching pin)                          |V_LO_b                                     
(no matching pin)                          |V_RF                                       
(no matching pin)                          |V_RF_b                                     
(no matching pin)                          |I_bias                                     
---------------------------------------------------------------------------------------
Cell pin lists for ESD_array_layout and ESD_array_schematic altered to match.
Device classes ESD_array_layout and ESD_array_schematic are equivalent.

Final result: Top level cell failed pin matching.
