
Circuit 1 cell pfet_03v3 and Circuit 2 cell pfet_03v3 are black boxes.
Warning: Equate pins:  cell pfet_03v3 is a placeholder, treated as a black box.
Warning: Equate pins:  cell pfet_03v3 is a placeholder, treated as a black box.

Subcircuit pins:
Circuit 1: pfet_03v3                       |Circuit 2: pfet_03v3                       
-------------------------------------------|-------------------------------------------
1                                          |1                                          
2                                          |2                                          
3                                          |3                                          
4                                          |4                                          
---------------------------------------------------------------------------------------
Cell pin lists are equivalent.
Device classes pfet_03v3 and pfet_03v3 are equivalent.

Circuit 1 cell nfet_03v3 and Circuit 2 cell nfet_03v3 are black boxes.
Warning: Equate pins:  cell nfet_03v3 is a placeholder, treated as a black box.
Warning: Equate pins:  cell nfet_03v3 is a placeholder, treated as a black box.

Subcircuit pins:
Circuit 1: nfet_03v3                       |Circuit 2: nfet_03v3                       
-------------------------------------------|-------------------------------------------
1                                          |1                                          
2                                          |2                                          
3                                          |3                                          
4                                          |4                                          
---------------------------------------------------------------------------------------
Cell pin lists are equivalent.
Device classes nfet_03v3 and nfet_03v3 are equivalent.
Flattening unmatched subcell pfet_03v3_RFU83T in circuit x4t-ota_layout (0)(1 instance)
Flattening unmatched subcell nfet_03v3_AZGML9 in circuit x4t-ota_layout (0)(1 instance)

Class x4t-ota_layout (0):  Merged 2 parallel devices.
Subcircuit summary:
Circuit 1: x4t-ota_layout                  |Circuit 2: 4t-ota-schematic                
-------------------------------------------|-------------------------------------------
pfet_03v3 (2)                              |pfet_03v3 (2)                              
nfet_03v3 (4->2)                           |nfet_03v3 (2)                              
Number of devices: 4                       |Number of devices: 4                       
Number of nets: 7                          |Number of nets: 7                          
---------------------------------------------------------------------------------------
Netlists match uniquely.

Subcircuit pins:
Circuit 1: x4t-ota_layout                  |Circuit 2: 4t-ota-schematic                
-------------------------------------------|-------------------------------------------
V_in_plus                                  |V_in_plus                                  
V_in_minus                                 |V_in_minus                                 
VDD                                        |VDD                                        
I_bias                                     |I_bias                                     
VSS                                        |VSS                                        
Vout                                       |Vout                                       
---------------------------------------------------------------------------------------
Cell pin lists are equivalent.
Device classes x4t-ota_layout and 4t-ota-schematic are equivalent.

Final result: Circuits match uniquely.
.
