
Circuit 1 cell nfet_03v3 and Circuit 2 cell nfet_03v3 are black boxes.
Equate elements:  no current cell.
Device classes nfet_03v3 and nfet_03v3 are equivalent.
Flattening unmatched subcell nfet_03v3_N8FQLR in circuit Output_stage_layout (0)(1 instance)

Subcircuit summary:
Circuit 1: Output_stage_layout             |Circuit 2: Output_stage-schematic          
-------------------------------------------|-------------------------------------------
nfet_03v3 (6->2)                           |nfet_03v3 (2)                              
Number of devices: 2                       |Number of devices: 2                       
Number of nets: 5                          |Number of nets: 5                          
---------------------------------------------------------------------------------------
Netlists match uniquely.

Subcircuit pins:
Circuit 1: Output_stage_layout             |Circuit 2: Output_stage-schematic          
-------------------------------------------|-------------------------------------------
VDD                                        |VDD                                        
I_bias                                     |I_bias                                     
V_in                                       |V_in                                       
V_out_biasing                              |V_out_biasing                              
---------------------------------------------------------------------------------------
Cell pin lists are equivalent.
Device classes Output_stage_layout and Output_stage-schematic are equivalent.

Final result: Circuits match uniquely.
.
